#-----------------------------------------------------------
# Vivado v2024.1 (64-bit)
# SW Build 5076996 on Wed May 22 18:37:14 MDT 2024
# IP Build 5075265 on Wed May 22 21:45:21 MDT 2024
# SharedData Build 5076995 on Wed May 22 18:29:18 MDT 2024
# Start of session at: Fri Sep 27 18:18:19 2024
# Process ID: 25484
# Current directory: D:/EC605_Lab/Lab2/Lab2.runs/synth_1
# Command line: vivado.exe -log Top_module.vds -product Vivado -mode batch -messageDb vivado.pb -notrace -source Top_module.tcl
# Log file: D:/EC605_Lab/Lab2/Lab2.runs/synth_1/Top_module.vds
# Journal file: D:/EC605_Lab/Lab2/Lab2.runs/synth_1\vivado.jou
# Running On        :LAPTOP-3F3DSVGS
# Platform          :Windows Server 2016 or Windows 10
# Operating System  :22621
# Processor Detail  :AMD Ryzen 7 4800H with Radeon Graphics         
# CPU Frequency     :2895 MHz
# CPU Physical cores:8
# CPU Logical cores :16
# Host memory       :16556 MB
# Swap memory       :8601 MB
# Total Virtual     :25157 MB
# Available Virtual :4069 MB
#-----------------------------------------------------------
source Top_module.tcl -notrace
